[0.060s] DEBUG:colcon:Command line arguments: ['/usr/bin/colcon', 'build', '--packages-select', 'handy_description', '--cmake-target', 'install']
[0.060s] DEBUG:colcon:Parsed command line arguments: Namespace(log_base=None, log_level=None, verb_name='build', build_base='build', install_base='install', merge_install=False, symlink_install=False, test_result_base=None, continue_on_error=False, executor='parallel', parallel_workers=16, event_handlers=None, ignore_user_meta=False, metas=['./colcon.meta'], base_paths=['.'], packages_ignore=None, packages_ignore_regex=None, paths=None, packages_up_to=None, packages_up_to_regex=None, packages_above=None, packages_above_and_dependencies=None, packages_above_depth=None, packages_select_by_dep=None, packages_skip_by_dep=None, packages_skip_up_to=None, packages_select_build_failed=False, packages_skip_build_finished=False, packages_select_test_failures=False, packages_skip_test_passed=False, packages_select=['handy_description'], packages_skip=None, packages_select_regex=None, packages_skip_regex=None, packages_start=None, packages_end=None, allow_overriding=[], cmake_args=None, cmake_target='install', cmake_target_skip_unavailable=False, cmake_clean_cache=False, cmake_clean_first=False, cmake_force_configure=False, ament_cmake_args=None, catkin_cmake_args=None, catkin_skip_building_tests=False, verb_parser=<colcon_defaults.argument_parser.defaults.DefaultArgumentsDecorator object at 0x7681185e45e0>, verb_extension=<colcon_core.verb.build.BuildVerb object at 0x768118765ff0>, main=<bound method BuildVerb.main of <colcon_core.verb.build.BuildVerb object at 0x768118765ff0>>)
[0.153s] Level 1:colcon.colcon_core.package_discovery:discover_packages(colcon_meta) check parameters
[0.153s] Level 1:colcon.colcon_core.package_discovery:discover_packages(recursive) check parameters
[0.153s] Level 1:colcon.colcon_core.package_discovery:discover_packages(ignore) check parameters
[0.153s] Level 1:colcon.colcon_core.package_discovery:discover_packages(path) check parameters
[0.153s] Level 1:colcon.colcon_core.package_discovery:discover_packages(colcon_meta) discover
[0.153s] Level 1:colcon.colcon_core.package_discovery:discover_packages(recursive) discover
[0.153s] INFO:colcon.colcon_core.package_discovery:Crawling recursively for packages in '/home/owenc/handy_ws/src/ivaHandy'
[0.154s] Level 1:colcon.colcon_core.package_identification:_identify(.) by extensions ['ignore', 'ignore_ament_install']
[0.154s] Level 1:colcon.colcon_core.package_identification:_identify(.) by extension 'ignore'
[0.154s] Level 1:colcon.colcon_core.package_identification:_identify(.) by extension 'ignore_ament_install'
[0.154s] Level 1:colcon.colcon_core.package_identification:_identify(.) by extensions ['colcon_pkg']
[0.154s] Level 1:colcon.colcon_core.package_identification:_identify(.) by extension 'colcon_pkg'
[0.154s] Level 1:colcon.colcon_core.package_identification:_identify(.) by extensions ['colcon_meta']
[0.154s] Level 1:colcon.colcon_core.package_identification:_identify(.) by extension 'colcon_meta'
[0.154s] Level 1:colcon.colcon_core.package_identification:_identify(.) by extensions ['ros']
[0.154s] Level 1:colcon.colcon_core.package_identification:_identify(.) by extension 'ros'
[0.174s] Level 1:colcon.colcon_core.package_identification:_identify(.) by extensions ['cmake', 'python']
[0.174s] Level 1:colcon.colcon_core.package_identification:_identify(.) by extension 'cmake'
[0.174s] Level 1:colcon.colcon_core.package_identification:_identify(.) by extension 'python'
[0.174s] Level 1:colcon.colcon_core.package_identification:_identify(.) by extensions ['python_setup_py']
[0.174s] Level 1:colcon.colcon_core.package_identification:_identify(.) by extension 'python_setup_py'
[0.174s] Level 1:colcon.colcon_core.package_identification:_identify(build) by extensions ['ignore', 'ignore_ament_install']
[0.174s] Level 1:colcon.colcon_core.package_identification:_identify(build) by extension 'ignore'
[0.174s] Level 1:colcon.colcon_core.package_identification:_identify(build) ignored
[0.174s] Level 1:colcon.colcon_core.package_identification:_identify(docker) by extensions ['ignore', 'ignore_ament_install']
[0.174s] Level 1:colcon.colcon_core.package_identification:_identify(docker) by extension 'ignore'
[0.174s] Level 1:colcon.colcon_core.package_identification:_identify(docker) by extension 'ignore_ament_install'
[0.174s] Level 1:colcon.colcon_core.package_identification:_identify(docker) by extensions ['colcon_pkg']
[0.174s] Level 1:colcon.colcon_core.package_identification:_identify(docker) by extension 'colcon_pkg'
[0.174s] Level 1:colcon.colcon_core.package_identification:_identify(docker) by extensions ['colcon_meta']
[0.174s] Level 1:colcon.colcon_core.package_identification:_identify(docker) by extension 'colcon_meta'
[0.174s] Level 1:colcon.colcon_core.package_identification:_identify(docker) by extensions ['ros']
[0.174s] Level 1:colcon.colcon_core.package_identification:_identify(docker) by extension 'ros'
[0.174s] Level 1:colcon.colcon_core.package_identification:_identify(docker) by extensions ['cmake', 'python']
[0.174s] Level 1:colcon.colcon_core.package_identification:_identify(docker) by extension 'cmake'
[0.174s] Level 1:colcon.colcon_core.package_identification:_identify(docker) by extension 'python'
[0.174s] Level 1:colcon.colcon_core.package_identification:_identify(docker) by extensions ['python_setup_py']
[0.174s] Level 1:colcon.colcon_core.package_identification:_identify(docker) by extension 'python_setup_py'
[0.174s] Level 1:colcon.colcon_core.package_identification:_identify(docker/bin) by extensions ['ignore', 'ignore_ament_install']
[0.174s] Level 1:colcon.colcon_core.package_identification:_identify(docker/bin) by extension 'ignore'
[0.174s] Level 1:colcon.colcon_core.package_identification:_identify(docker/bin) by extension 'ignore_ament_install'
[0.174s] Level 1:colcon.colcon_core.package_identification:_identify(docker/bin) by extensions ['colcon_pkg']
[0.174s] Level 1:colcon.colcon_core.package_identification:_identify(docker/bin) by extension 'colcon_pkg'
[0.174s] Level 1:colcon.colcon_core.package_identification:_identify(docker/bin) by extensions ['colcon_meta']
[0.174s] Level 1:colcon.colcon_core.package_identification:_identify(docker/bin) by extension 'colcon_meta'
[0.174s] Level 1:colcon.colcon_core.package_identification:_identify(docker/bin) by extensions ['ros']
[0.174s] Level 1:colcon.colcon_core.package_identification:_identify(docker/bin) by extension 'ros'
[0.174s] Level 1:colcon.colcon_core.package_identification:_identify(docker/bin) by extensions ['cmake', 'python']
[0.174s] Level 1:colcon.colcon_core.package_identification:_identify(docker/bin) by extension 'cmake'
[0.174s] Level 1:colcon.colcon_core.package_identification:_identify(docker/bin) by extension 'python'
[0.174s] Level 1:colcon.colcon_core.package_identification:_identify(docker/bin) by extensions ['python_setup_py']
[0.174s] Level 1:colcon.colcon_core.package_identification:_identify(docker/bin) by extension 'python_setup_py'
[0.174s] Level 1:colcon.colcon_core.package_identification:_identify(docs) by extensions ['ignore', 'ignore_ament_install']
[0.174s] Level 1:colcon.colcon_core.package_identification:_identify(docs) by extension 'ignore'
[0.174s] Level 1:colcon.colcon_core.package_identification:_identify(docs) by extension 'ignore_ament_install'
[0.174s] Level 1:colcon.colcon_core.package_identification:_identify(docs) by extensions ['colcon_pkg']
[0.174s] Level 1:colcon.colcon_core.package_identification:_identify(docs) by extension 'colcon_pkg'
[0.174s] Level 1:colcon.colcon_core.package_identification:_identify(docs) by extensions ['colcon_meta']
[0.174s] Level 1:colcon.colcon_core.package_identification:_identify(docs) by extension 'colcon_meta'
[0.174s] Level 1:colcon.colcon_core.package_identification:_identify(docs) by extensions ['ros']
[0.174s] Level 1:colcon.colcon_core.package_identification:_identify(docs) by extension 'ros'
[0.175s] Level 1:colcon.colcon_core.package_identification:_identify(docs) by extensions ['cmake', 'python']
[0.175s] Level 1:colcon.colcon_core.package_identification:_identify(docs) by extension 'cmake'
[0.175s] Level 1:colcon.colcon_core.package_identification:_identify(docs) by extension 'python'
[0.175s] Level 1:colcon.colcon_core.package_identification:_identify(docs) by extensions ['python_setup_py']
[0.175s] Level 1:colcon.colcon_core.package_identification:_identify(docs) by extension 'python_setup_py'
[0.175s] Level 1:colcon.colcon_core.package_identification:_identify(install) by extensions ['ignore', 'ignore_ament_install']
[0.175s] Level 1:colcon.colcon_core.package_identification:_identify(install) by extension 'ignore'
[0.175s] Level 1:colcon.colcon_core.package_identification:_identify(install) ignored
[0.175s] Level 1:colcon.colcon_core.package_identification:_identify(log) by extensions ['ignore', 'ignore_ament_install']
[0.175s] Level 1:colcon.colcon_core.package_identification:_identify(log) by extension 'ignore'
[0.175s] Level 1:colcon.colcon_core.package_identification:_identify(log) ignored
[0.175s] Level 1:colcon.colcon_core.package_identification:_identify(mechanical) by extensions ['ignore', 'ignore_ament_install']
[0.175s] Level 1:colcon.colcon_core.package_identification:_identify(mechanical) by extension 'ignore'
[0.175s] Level 1:colcon.colcon_core.package_identification:_identify(mechanical) by extension 'ignore_ament_install'
[0.175s] Level 1:colcon.colcon_core.package_identification:_identify(mechanical) by extensions ['colcon_pkg']
[0.175s] Level 1:colcon.colcon_core.package_identification:_identify(mechanical) by extension 'colcon_pkg'
[0.175s] Level 1:colcon.colcon_core.package_identification:_identify(mechanical) by extensions ['colcon_meta']
[0.175s] Level 1:colcon.colcon_core.package_identification:_identify(mechanical) by extension 'colcon_meta'
[0.175s] Level 1:colcon.colcon_core.package_identification:_identify(mechanical) by extensions ['ros']
[0.175s] Level 1:colcon.colcon_core.package_identification:_identify(mechanical) by extension 'ros'
[0.175s] Level 1:colcon.colcon_core.package_identification:_identify(mechanical) by extensions ['cmake', 'python']
[0.175s] Level 1:colcon.colcon_core.package_identification:_identify(mechanical) by extension 'cmake'
[0.175s] Level 1:colcon.colcon_core.package_identification:_identify(mechanical) by extension 'python'
[0.175s] Level 1:colcon.colcon_core.package_identification:_identify(mechanical) by extensions ['python_setup_py']
[0.175s] Level 1:colcon.colcon_core.package_identification:_identify(mechanical) by extension 'python_setup_py'
[0.175s] Level 1:colcon.colcon_core.package_identification:_identify(mechanical/3DParts) by extensions ['ignore', 'ignore_ament_install']
[0.175s] Level 1:colcon.colcon_core.package_identification:_identify(mechanical/3DParts) by extension 'ignore'
[0.175s] Level 1:colcon.colcon_core.package_identification:_identify(mechanical/3DParts) by extension 'ignore_ament_install'
[0.175s] Level 1:colcon.colcon_core.package_identification:_identify(mechanical/3DParts) by extensions ['colcon_pkg']
[0.175s] Level 1:colcon.colcon_core.package_identification:_identify(mechanical/3DParts) by extension 'colcon_pkg'
[0.175s] Level 1:colcon.colcon_core.package_identification:_identify(mechanical/3DParts) by extensions ['colcon_meta']
[0.175s] Level 1:colcon.colcon_core.package_identification:_identify(mechanical/3DParts) by extension 'colcon_meta'
[0.175s] Level 1:colcon.colcon_core.package_identification:_identify(mechanical/3DParts) by extensions ['ros']
[0.175s] Level 1:colcon.colcon_core.package_identification:_identify(mechanical/3DParts) by extension 'ros'
[0.175s] Level 1:colcon.colcon_core.package_identification:_identify(mechanical/3DParts) by extensions ['cmake', 'python']
[0.175s] Level 1:colcon.colcon_core.package_identification:_identify(mechanical/3DParts) by extension 'cmake'
[0.175s] Level 1:colcon.colcon_core.package_identification:_identify(mechanical/3DParts) by extension 'python'
[0.175s] Level 1:colcon.colcon_core.package_identification:_identify(mechanical/3DParts) by extensions ['python_setup_py']
[0.175s] Level 1:colcon.colcon_core.package_identification:_identify(mechanical/3DParts) by extension 'python_setup_py'
[0.175s] Level 1:colcon.colcon_core.package_identification:_identify(mechanical/3DParts/CustomConnectors) by extensions ['ignore', 'ignore_ament_install']
[0.175s] Level 1:colcon.colcon_core.package_identification:_identify(mechanical/3DParts/CustomConnectors) by extension 'ignore'
[0.175s] Level 1:colcon.colcon_core.package_identification:_identify(mechanical/3DParts/CustomConnectors) by extension 'ignore_ament_install'
[0.175s] Level 1:colcon.colcon_core.package_identification:_identify(mechanical/3DParts/CustomConnectors) by extensions ['colcon_pkg']
[0.175s] Level 1:colcon.colcon_core.package_identification:_identify(mechanical/3DParts/CustomConnectors) by extension 'colcon_pkg'
[0.175s] Level 1:colcon.colcon_core.package_identification:_identify(mechanical/3DParts/CustomConnectors) by extensions ['colcon_meta']
[0.175s] Level 1:colcon.colcon_core.package_identification:_identify(mechanical/3DParts/CustomConnectors) by extension 'colcon_meta'
[0.175s] Level 1:colcon.colcon_core.package_identification:_identify(mechanical/3DParts/CustomConnectors) by extensions ['ros']
[0.175s] Level 1:colcon.colcon_core.package_identification:_identify(mechanical/3DParts/CustomConnectors) by extension 'ros'
[0.176s] Level 1:colcon.colcon_core.package_identification:_identify(mechanical/3DParts/CustomConnectors) by extensions ['cmake', 'python']
[0.176s] Level 1:colcon.colcon_core.package_identification:_identify(mechanical/3DParts/CustomConnectors) by extension 'cmake'
[0.176s] Level 1:colcon.colcon_core.package_identification:_identify(mechanical/3DParts/CustomConnectors) by extension 'python'
[0.176s] Level 1:colcon.colcon_core.package_identification:_identify(mechanical/3DParts/CustomConnectors) by extensions ['python_setup_py']
[0.176s] Level 1:colcon.colcon_core.package_identification:_identify(mechanical/3DParts/CustomConnectors) by extension 'python_setup_py'
[0.176s] Level 1:colcon.colcon_core.package_identification:_identify(mechanical/3DParts/CustomConnectors/Link1) by extensions ['ignore', 'ignore_ament_install']
[0.176s] Level 1:colcon.colcon_core.package_identification:_identify(mechanical/3DParts/CustomConnectors/Link1) by extension 'ignore'
[0.176s] Level 1:colcon.colcon_core.package_identification:_identify(mechanical/3DParts/CustomConnectors/Link1) by extension 'ignore_ament_install'
[0.176s] Level 1:colcon.colcon_core.package_identification:_identify(mechanical/3DParts/CustomConnectors/Link1) by extensions ['colcon_pkg']
[0.176s] Level 1:colcon.colcon_core.package_identification:_identify(mechanical/3DParts/CustomConnectors/Link1) by extension 'colcon_pkg'
[0.176s] Level 1:colcon.colcon_core.package_identification:_identify(mechanical/3DParts/CustomConnectors/Link1) by extensions ['colcon_meta']
[0.176s] Level 1:colcon.colcon_core.package_identification:_identify(mechanical/3DParts/CustomConnectors/Link1) by extension 'colcon_meta'
[0.176s] Level 1:colcon.colcon_core.package_identification:_identify(mechanical/3DParts/CustomConnectors/Link1) by extensions ['ros']
[0.176s] Level 1:colcon.colcon_core.package_identification:_identify(mechanical/3DParts/CustomConnectors/Link1) by extension 'ros'
[0.176s] Level 1:colcon.colcon_core.package_identification:_identify(mechanical/3DParts/CustomConnectors/Link1) by extensions ['cmake', 'python']
[0.176s] Level 1:colcon.colcon_core.package_identification:_identify(mechanical/3DParts/CustomConnectors/Link1) by extension 'cmake'
[0.176s] Level 1:colcon.colcon_core.package_identification:_identify(mechanical/3DParts/CustomConnectors/Link1) by extension 'python'
[0.176s] Level 1:colcon.colcon_core.package_identification:_identify(mechanical/3DParts/CustomConnectors/Link1) by extensions ['python_setup_py']
[0.176s] Level 1:colcon.colcon_core.package_identification:_identify(mechanical/3DParts/CustomConnectors/Link1) by extension 'python_setup_py'
[0.176s] Level 1:colcon.colcon_core.package_identification:_identify(mechanical/3DParts/CustomConnectors/Link10) by extensions ['ignore', 'ignore_ament_install']
[0.176s] Level 1:colcon.colcon_core.package_identification:_identify(mechanical/3DParts/CustomConnectors/Link10) by extension 'ignore'
[0.176s] Level 1:colcon.colcon_core.package_identification:_identify(mechanical/3DParts/CustomConnectors/Link10) by extension 'ignore_ament_install'
[0.176s] Level 1:colcon.colcon_core.package_identification:_identify(mechanical/3DParts/CustomConnectors/Link10) by extensions ['colcon_pkg']
[0.176s] Level 1:colcon.colcon_core.package_identification:_identify(mechanical/3DParts/CustomConnectors/Link10) by extension 'colcon_pkg'
[0.176s] Level 1:colcon.colcon_core.package_identification:_identify(mechanical/3DParts/CustomConnectors/Link10) by extensions ['colcon_meta']
[0.176s] Level 1:colcon.colcon_core.package_identification:_identify(mechanical/3DParts/CustomConnectors/Link10) by extension 'colcon_meta'
[0.176s] Level 1:colcon.colcon_core.package_identification:_identify(mechanical/3DParts/CustomConnectors/Link10) by extensions ['ros']
[0.176s] Level 1:colcon.colcon_core.package_identification:_identify(mechanical/3DParts/CustomConnectors/Link10) by extension 'ros'
[0.176s] Level 1:colcon.colcon_core.package_identification:_identify(mechanical/3DParts/CustomConnectors/Link10) by extensions ['cmake', 'python']
[0.176s] Level 1:colcon.colcon_core.package_identification:_identify(mechanical/3DParts/CustomConnectors/Link10) by extension 'cmake'
[0.176s] Level 1:colcon.colcon_core.package_identification:_identify(mechanical/3DParts/CustomConnectors/Link10) by extension 'python'
[0.176s] Level 1:colcon.colcon_core.package_identification:_identify(mechanical/3DParts/CustomConnectors/Link10) by extensions ['python_setup_py']
[0.176s] Level 1:colcon.colcon_core.package_identification:_identify(mechanical/3DParts/CustomConnectors/Link10) by extension 'python_setup_py'
[0.176s] Level 1:colcon.colcon_core.package_identification:_identify(mechanical/3DParts/CustomConnectors/Link2) by extensions ['ignore', 'ignore_ament_install']
[0.176s] Level 1:colcon.colcon_core.package_identification:_identify(mechanical/3DParts/CustomConnectors/Link2) by extension 'ignore'
[0.176s] Level 1:colcon.colcon_core.package_identification:_identify(mechanical/3DParts/CustomConnectors/Link2) by extension 'ignore_ament_install'
[0.176s] Level 1:colcon.colcon_core.package_identification:_identify(mechanical/3DParts/CustomConnectors/Link2) by extensions ['colcon_pkg']
[0.176s] Level 1:colcon.colcon_core.package_identification:_identify(mechanical/3DParts/CustomConnectors/Link2) by extension 'colcon_pkg'
[0.176s] Level 1:colcon.colcon_core.package_identification:_identify(mechanical/3DParts/CustomConnectors/Link2) by extensions ['colcon_meta']
[0.176s] Level 1:colcon.colcon_core.package_identification:_identify(mechanical/3DParts/CustomConnectors/Link2) by extension 'colcon_meta'
[0.176s] Level 1:colcon.colcon_core.package_identification:_identify(mechanical/3DParts/CustomConnectors/Link2) by extensions ['ros']
[0.176s] Level 1:colcon.colcon_core.package_identification:_identify(mechanical/3DParts/CustomConnectors/Link2) by extension 'ros'
[0.176s] Level 1:colcon.colcon_core.package_identification:_identify(mechanical/3DParts/CustomConnectors/Link2) by extensions ['cmake', 'python']
[0.176s] Level 1:colcon.colcon_core.package_identification:_identify(mechanical/3DParts/CustomConnectors/Link2) by extension 'cmake'
[0.176s] Level 1:colcon.colcon_core.package_identification:_identify(mechanical/3DParts/CustomConnectors/Link2) by extension 'python'
[0.176s] Level 1:colcon.colcon_core.package_identification:_identify(mechanical/3DParts/CustomConnectors/Link2) by extensions ['python_setup_py']
[0.176s] Level 1:colcon.colcon_core.package_identification:_identify(mechanical/3DParts/CustomConnectors/Link2) by extension 'python_setup_py'
[0.177s] Level 1:colcon.colcon_core.package_identification:_identify(mechanical/3DParts/CustomConnectors/Link3) by extensions ['ignore', 'ignore_ament_install']
[0.177s] Level 1:colcon.colcon_core.package_identification:_identify(mechanical/3DParts/CustomConnectors/Link3) by extension 'ignore'
[0.177s] Level 1:colcon.colcon_core.package_identification:_identify(mechanical/3DParts/CustomConnectors/Link3) by extension 'ignore_ament_install'
[0.177s] Level 1:colcon.colcon_core.package_identification:_identify(mechanical/3DParts/CustomConnectors/Link3) by extensions ['colcon_pkg']
[0.177s] Level 1:colcon.colcon_core.package_identification:_identify(mechanical/3DParts/CustomConnectors/Link3) by extension 'colcon_pkg'
[0.177s] Level 1:colcon.colcon_core.package_identification:_identify(mechanical/3DParts/CustomConnectors/Link3) by extensions ['colcon_meta']
[0.177s] Level 1:colcon.colcon_core.package_identification:_identify(mechanical/3DParts/CustomConnectors/Link3) by extension 'colcon_meta'
[0.177s] Level 1:colcon.colcon_core.package_identification:_identify(mechanical/3DParts/CustomConnectors/Link3) by extensions ['ros']
[0.177s] Level 1:colcon.colcon_core.package_identification:_identify(mechanical/3DParts/CustomConnectors/Link3) by extension 'ros'
[0.177s] Level 1:colcon.colcon_core.package_identification:_identify(mechanical/3DParts/CustomConnectors/Link3) by extensions ['cmake', 'python']
[0.177s] Level 1:colcon.colcon_core.package_identification:_identify(mechanical/3DParts/CustomConnectors/Link3) by extension 'cmake'
[0.177s] Level 1:colcon.colcon_core.package_identification:_identify(mechanical/3DParts/CustomConnectors/Link3) by extension 'python'
[0.177s] Level 1:colcon.colcon_core.package_identification:_identify(mechanical/3DParts/CustomConnectors/Link3) by extensions ['python_setup_py']
[0.177s] Level 1:colcon.colcon_core.package_identification:_identify(mechanical/3DParts/CustomConnectors/Link3) by extension 'python_setup_py'
[0.177s] Level 1:colcon.colcon_core.package_identification:_identify(mechanical/3DParts/CustomConnectors/Link4) by extensions ['ignore', 'ignore_ament_install']
[0.177s] Level 1:colcon.colcon_core.package_identification:_identify(mechanical/3DParts/CustomConnectors/Link4) by extension 'ignore'
[0.177s] Level 1:colcon.colcon_core.package_identification:_identify(mechanical/3DParts/CustomConnectors/Link4) by extension 'ignore_ament_install'
[0.177s] Level 1:colcon.colcon_core.package_identification:_identify(mechanical/3DParts/CustomConnectors/Link4) by extensions ['colcon_pkg']
[0.177s] Level 1:colcon.colcon_core.package_identification:_identify(mechanical/3DParts/CustomConnectors/Link4) by extension 'colcon_pkg'
[0.177s] Level 1:colcon.colcon_core.package_identification:_identify(mechanical/3DParts/CustomConnectors/Link4) by extensions ['colcon_meta']
[0.177s] Level 1:colcon.colcon_core.package_identification:_identify(mechanical/3DParts/CustomConnectors/Link4) by extension 'colcon_meta'
[0.177s] Level 1:colcon.colcon_core.package_identification:_identify(mechanical/3DParts/CustomConnectors/Link4) by extensions ['ros']
[0.177s] Level 1:colcon.colcon_core.package_identification:_identify(mechanical/3DParts/CustomConnectors/Link4) by extension 'ros'
[0.177s] Level 1:colcon.colcon_core.package_identification:_identify(mechanical/3DParts/CustomConnectors/Link4) by extensions ['cmake', 'python']
[0.177s] Level 1:colcon.colcon_core.package_identification:_identify(mechanical/3DParts/CustomConnectors/Link4) by extension 'cmake'
[0.177s] Level 1:colcon.colcon_core.package_identification:_identify(mechanical/3DParts/CustomConnectors/Link4) by extension 'python'
[0.177s] Level 1:colcon.colcon_core.package_identification:_identify(mechanical/3DParts/CustomConnectors/Link4) by extensions ['python_setup_py']
[0.177s] Level 1:colcon.colcon_core.package_identification:_identify(mechanical/3DParts/CustomConnectors/Link4) by extension 'python_setup_py'
[0.177s] Level 1:colcon.colcon_core.package_identification:_identify(mechanical/3DParts/CustomConnectors/Link4/fabrication) by extensions ['ignore', 'ignore_ament_install']
[0.177s] Level 1:colcon.colcon_core.package_identification:_identify(mechanical/3DParts/CustomConnectors/Link4/fabrication) by extension 'ignore'
[0.177s] Level 1:colcon.colcon_core.package_identification:_identify(mechanical/3DParts/CustomConnectors/Link4/fabrication) by extension 'ignore_ament_install'
[0.177s] Level 1:colcon.colcon_core.package_identification:_identify(mechanical/3DParts/CustomConnectors/Link4/fabrication) by extensions ['colcon_pkg']
[0.177s] Level 1:colcon.colcon_core.package_identification:_identify(mechanical/3DParts/CustomConnectors/Link4/fabrication) by extension 'colcon_pkg'
[0.177s] Level 1:colcon.colcon_core.package_identification:_identify(mechanical/3DParts/CustomConnectors/Link4/fabrication) by extensions ['colcon_meta']
[0.177s] Level 1:colcon.colcon_core.package_identification:_identify(mechanical/3DParts/CustomConnectors/Link4/fabrication) by extension 'colcon_meta'
[0.177s] Level 1:colcon.colcon_core.package_identification:_identify(mechanical/3DParts/CustomConnectors/Link4/fabrication) by extensions ['ros']
[0.177s] Level 1:colcon.colcon_core.package_identification:_identify(mechanical/3DParts/CustomConnectors/Link4/fabrication) by extension 'ros'
[0.177s] Level 1:colcon.colcon_core.package_identification:_identify(mechanical/3DParts/CustomConnectors/Link4/fabrication) by extensions ['cmake', 'python']
[0.177s] Level 1:colcon.colcon_core.package_identification:_identify(mechanical/3DParts/CustomConnectors/Link4/fabrication) by extension 'cmake'
[0.177s] Level 1:colcon.colcon_core.package_identification:_identify(mechanical/3DParts/CustomConnectors/Link4/fabrication) by extension 'python'
[0.177s] Level 1:colcon.colcon_core.package_identification:_identify(mechanical/3DParts/CustomConnectors/Link4/fabrication) by extensions ['python_setup_py']
[0.177s] Level 1:colcon.colcon_core.package_identification:_identify(mechanical/3DParts/CustomConnectors/Link4/fabrication) by extension 'python_setup_py'
[0.177s] Level 1:colcon.colcon_core.package_identification:_identify(mechanical/3DParts/CustomConnectors/Link5) by extensions ['ignore', 'ignore_ament_install']
[0.177s] Level 1:colcon.colcon_core.package_identification:_identify(mechanical/3DParts/CustomConnectors/Link5) by extension 'ignore'
[0.177s] Level 1:colcon.colcon_core.package_identification:_identify(mechanical/3DParts/CustomConnectors/Link5) by extension 'ignore_ament_install'
[0.177s] Level 1:colcon.colcon_core.package_identification:_identify(mechanical/3DParts/CustomConnectors/Link5) by extensions ['colcon_pkg']
[0.177s] Level 1:colcon.colcon_core.package_identification:_identify(mechanical/3DParts/CustomConnectors/Link5) by extension 'colcon_pkg'
[0.177s] Level 1:colcon.colcon_core.package_identification:_identify(mechanical/3DParts/CustomConnectors/Link5) by extensions ['colcon_meta']
[0.178s] Level 1:colcon.colcon_core.package_identification:_identify(mechanical/3DParts/CustomConnectors/Link5) by extension 'colcon_meta'
[0.178s] Level 1:colcon.colcon_core.package_identification:_identify(mechanical/3DParts/CustomConnectors/Link5) by extensions ['ros']
[0.178s] Level 1:colcon.colcon_core.package_identification:_identify(mechanical/3DParts/CustomConnectors/Link5) by extension 'ros'
[0.178s] Level 1:colcon.colcon_core.package_identification:_identify(mechanical/3DParts/CustomConnectors/Link5) by extensions ['cmake', 'python']
[0.178s] Level 1:colcon.colcon_core.package_identification:_identify(mechanical/3DParts/CustomConnectors/Link5) by extension 'cmake'
[0.178s] Level 1:colcon.colcon_core.package_identification:_identify(mechanical/3DParts/CustomConnectors/Link5) by extension 'python'
[0.178s] Level 1:colcon.colcon_core.package_identification:_identify(mechanical/3DParts/CustomConnectors/Link5) by extensions ['python_setup_py']
[0.178s] Level 1:colcon.colcon_core.package_identification:_identify(mechanical/3DParts/CustomConnectors/Link5) by extension 'python_setup_py'
[0.178s] Level 1:colcon.colcon_core.package_identification:_identify(mechanical/3DParts/CustomConnectors/Link7) by extensions ['ignore', 'ignore_ament_install']
[0.178s] Level 1:colcon.colcon_core.package_identification:_identify(mechanical/3DParts/CustomConnectors/Link7) by extension 'ignore'
[0.178s] Level 1:colcon.colcon_core.package_identification:_identify(mechanical/3DParts/CustomConnectors/Link7) by extension 'ignore_ament_install'
[0.178s] Level 1:colcon.colcon_core.package_identification:_identify(mechanical/3DParts/CustomConnectors/Link7) by extensions ['colcon_pkg']
[0.178s] Level 1:colcon.colcon_core.package_identification:_identify(mechanical/3DParts/CustomConnectors/Link7) by extension 'colcon_pkg'
[0.178s] Level 1:colcon.colcon_core.package_identification:_identify(mechanical/3DParts/CustomConnectors/Link7) by extensions ['colcon_meta']
[0.178s] Level 1:colcon.colcon_core.package_identification:_identify(mechanical/3DParts/CustomConnectors/Link7) by extension 'colcon_meta'
[0.178s] Level 1:colcon.colcon_core.package_identification:_identify(mechanical/3DParts/CustomConnectors/Link7) by extensions ['ros']
[0.178s] Level 1:colcon.colcon_core.package_identification:_identify(mechanical/3DParts/CustomConnectors/Link7) by extension 'ros'
[0.178s] Level 1:colcon.colcon_core.package_identification:_identify(mechanical/3DParts/CustomConnectors/Link7) by extensions ['cmake', 'python']
[0.178s] Level 1:colcon.colcon_core.package_identification:_identify(mechanical/3DParts/CustomConnectors/Link7) by extension 'cmake'
[0.178s] Level 1:colcon.colcon_core.package_identification:_identify(mechanical/3DParts/CustomConnectors/Link7) by extension 'python'
[0.178s] Level 1:colcon.colcon_core.package_identification:_identify(mechanical/3DParts/CustomConnectors/Link7) by extensions ['python_setup_py']
[0.178s] Level 1:colcon.colcon_core.package_identification:_identify(mechanical/3DParts/CustomConnectors/Link7) by extension 'python_setup_py'
[0.178s] Level 1:colcon.colcon_core.package_identification:_identify(mechanical/3DParts/CustomConnectors/Link8) by extensions ['ignore', 'ignore_ament_install']
[0.178s] Level 1:colcon.colcon_core.package_identification:_identify(mechanical/3DParts/CustomConnectors/Link8) by extension 'ignore'
[0.178s] Level 1:colcon.colcon_core.package_identification:_identify(mechanical/3DParts/CustomConnectors/Link8) by extension 'ignore_ament_install'
[0.178s] Level 1:colcon.colcon_core.package_identification:_identify(mechanical/3DParts/CustomConnectors/Link8) by extensions ['colcon_pkg']
[0.178s] Level 1:colcon.colcon_core.package_identification:_identify(mechanical/3DParts/CustomConnectors/Link8) by extension 'colcon_pkg'
[0.178s] Level 1:colcon.colcon_core.package_identification:_identify(mechanical/3DParts/CustomConnectors/Link8) by extensions ['colcon_meta']
[0.178s] Level 1:colcon.colcon_core.package_identification:_identify(mechanical/3DParts/CustomConnectors/Link8) by extension 'colcon_meta'
[0.178s] Level 1:colcon.colcon_core.package_identification:_identify(mechanical/3DParts/CustomConnectors/Link8) by extensions ['ros']
[0.178s] Level 1:colcon.colcon_core.package_identification:_identify(mechanical/3DParts/CustomConnectors/Link8) by extension 'ros'
[0.178s] Level 1:colcon.colcon_core.package_identification:_identify(mechanical/3DParts/CustomConnectors/Link8) by extensions ['cmake', 'python']
[0.178s] Level 1:colcon.colcon_core.package_identification:_identify(mechanical/3DParts/CustomConnectors/Link8) by extension 'cmake'
[0.178s] Level 1:colcon.colcon_core.package_identification:_identify(mechanical/3DParts/CustomConnectors/Link8) by extension 'python'
[0.178s] Level 1:colcon.colcon_core.package_identification:_identify(mechanical/3DParts/CustomConnectors/Link8) by extensions ['python_setup_py']
[0.178s] Level 1:colcon.colcon_core.package_identification:_identify(mechanical/3DParts/CustomConnectors/Link8) by extension 'python_setup_py'
[0.178s] Level 1:colcon.colcon_core.package_identification:_identify(mechanical/3DParts/CustomConnectors/Link9) by extensions ['ignore', 'ignore_ament_install']
[0.178s] Level 1:colcon.colcon_core.package_identification:_identify(mechanical/3DParts/CustomConnectors/Link9) by extension 'ignore'
[0.178s] Level 1:colcon.colcon_core.package_identification:_identify(mechanical/3DParts/CustomConnectors/Link9) by extension 'ignore_ament_install'
[0.178s] Level 1:colcon.colcon_core.package_identification:_identify(mechanical/3DParts/CustomConnectors/Link9) by extensions ['colcon_pkg']
[0.178s] Level 1:colcon.colcon_core.package_identification:_identify(mechanical/3DParts/CustomConnectors/Link9) by extension 'colcon_pkg'
[0.178s] Level 1:colcon.colcon_core.package_identification:_identify(mechanical/3DParts/CustomConnectors/Link9) by extensions ['colcon_meta']
[0.178s] Level 1:colcon.colcon_core.package_identification:_identify(mechanical/3DParts/CustomConnectors/Link9) by extension 'colcon_meta'
[0.178s] Level 1:colcon.colcon_core.package_identification:_identify(mechanical/3DParts/CustomConnectors/Link9) by extensions ['ros']
[0.178s] Level 1:colcon.colcon_core.package_identification:_identify(mechanical/3DParts/CustomConnectors/Link9) by extension 'ros'
[0.178s] Level 1:colcon.colcon_core.package_identification:_identify(mechanical/3DParts/CustomConnectors/Link9) by extensions ['cmake', 'python']
[0.178s] Level 1:colcon.colcon_core.package_identification:_identify(mechanical/3DParts/CustomConnectors/Link9) by extension 'cmake'
[0.178s] Level 1:colcon.colcon_core.package_identification:_identify(mechanical/3DParts/CustomConnectors/Link9) by extension 'python'
[0.178s] Level 1:colcon.colcon_core.package_identification:_identify(mechanical/3DParts/CustomConnectors/Link9) by extensions ['python_setup_py']
[0.178s] Level 1:colcon.colcon_core.package_identification:_identify(mechanical/3DParts/CustomConnectors/Link9) by extension 'python_setup_py'
[0.178s] Level 1:colcon.colcon_core.package_identification:_identify(mechanical/3DParts/PrefabParts) by extensions ['ignore', 'ignore_ament_install']
[0.178s] Level 1:colcon.colcon_core.package_identification:_identify(mechanical/3DParts/PrefabParts) by extension 'ignore'
[0.178s] Level 1:colcon.colcon_core.package_identification:_identify(mechanical/3DParts/PrefabParts) by extension 'ignore_ament_install'
[0.179s] Level 1:colcon.colcon_core.package_identification:_identify(mechanical/3DParts/PrefabParts) by extensions ['colcon_pkg']
[0.179s] Level 1:colcon.colcon_core.package_identification:_identify(mechanical/3DParts/PrefabParts) by extension 'colcon_pkg'
[0.179s] Level 1:colcon.colcon_core.package_identification:_identify(mechanical/3DParts/PrefabParts) by extensions ['colcon_meta']
[0.179s] Level 1:colcon.colcon_core.package_identification:_identify(mechanical/3DParts/PrefabParts) by extension 'colcon_meta'
[0.179s] Level 1:colcon.colcon_core.package_identification:_identify(mechanical/3DParts/PrefabParts) by extensions ['ros']
[0.179s] Level 1:colcon.colcon_core.package_identification:_identify(mechanical/3DParts/PrefabParts) by extension 'ros'
[0.179s] Level 1:colcon.colcon_core.package_identification:_identify(mechanical/3DParts/PrefabParts) by extensions ['cmake', 'python']
[0.179s] Level 1:colcon.colcon_core.package_identification:_identify(mechanical/3DParts/PrefabParts) by extension 'cmake'
[0.179s] Level 1:colcon.colcon_core.package_identification:_identify(mechanical/3DParts/PrefabParts) by extension 'python'
[0.179s] Level 1:colcon.colcon_core.package_identification:_identify(mechanical/3DParts/PrefabParts) by extensions ['python_setup_py']
[0.179s] Level 1:colcon.colcon_core.package_identification:_identify(mechanical/3DParts/PrefabParts) by extension 'python_setup_py'
[0.179s] Level 1:colcon.colcon_core.package_identification:_identify(mechanical/Assembly) by extensions ['ignore', 'ignore_ament_install']
[0.179s] Level 1:colcon.colcon_core.package_identification:_identify(mechanical/Assembly) by extension 'ignore'
[0.179s] Level 1:colcon.colcon_core.package_identification:_identify(mechanical/Assembly) by extension 'ignore_ament_install'
[0.179s] Level 1:colcon.colcon_core.package_identification:_identify(mechanical/Assembly) by extensions ['colcon_pkg']
[0.179s] Level 1:colcon.colcon_core.package_identification:_identify(mechanical/Assembly) by extension 'colcon_pkg'
[0.179s] Level 1:colcon.colcon_core.package_identification:_identify(mechanical/Assembly) by extensions ['colcon_meta']
[0.179s] Level 1:colcon.colcon_core.package_identification:_identify(mechanical/Assembly) by extension 'colcon_meta'
[0.179s] Level 1:colcon.colcon_core.package_identification:_identify(mechanical/Assembly) by extensions ['ros']
[0.179s] Level 1:colcon.colcon_core.package_identification:_identify(mechanical/Assembly) by extension 'ros'
[0.179s] Level 1:colcon.colcon_core.package_identification:_identify(mechanical/Assembly) by extensions ['cmake', 'python']
[0.179s] Level 1:colcon.colcon_core.package_identification:_identify(mechanical/Assembly) by extension 'cmake'
[0.179s] Level 1:colcon.colcon_core.package_identification:_identify(mechanical/Assembly) by extension 'python'
[0.179s] Level 1:colcon.colcon_core.package_identification:_identify(mechanical/Assembly) by extensions ['python_setup_py']
[0.179s] Level 1:colcon.colcon_core.package_identification:_identify(mechanical/Assembly) by extension 'python_setup_py'
[0.179s] Level 1:colcon.colcon_core.package_identification:_identify(ros) by extensions ['ignore', 'ignore_ament_install']
[0.179s] Level 1:colcon.colcon_core.package_identification:_identify(ros) by extension 'ignore'
[0.179s] Level 1:colcon.colcon_core.package_identification:_identify(ros) by extension 'ignore_ament_install'
[0.179s] Level 1:colcon.colcon_core.package_identification:_identify(ros) by extensions ['colcon_pkg']
[0.179s] Level 1:colcon.colcon_core.package_identification:_identify(ros) by extension 'colcon_pkg'
[0.179s] Level 1:colcon.colcon_core.package_identification:_identify(ros) by extensions ['colcon_meta']
[0.179s] Level 1:colcon.colcon_core.package_identification:_identify(ros) by extension 'colcon_meta'
[0.179s] Level 1:colcon.colcon_core.package_identification:_identify(ros) by extensions ['ros']
[0.179s] Level 1:colcon.colcon_core.package_identification:_identify(ros) by extension 'ros'
[0.179s] Level 1:colcon.colcon_core.package_identification:_identify(ros) by extensions ['cmake', 'python']
[0.179s] Level 1:colcon.colcon_core.package_identification:_identify(ros) by extension 'cmake'
[0.179s] Level 1:colcon.colcon_core.package_identification:_identify(ros) by extension 'python'
[0.179s] Level 1:colcon.colcon_core.package_identification:_identify(ros) by extensions ['python_setup_py']
[0.179s] Level 1:colcon.colcon_core.package_identification:_identify(ros) by extension 'python_setup_py'
[0.179s] Level 1:colcon.colcon_core.package_identification:_identify(ros/finalarm_control) by extensions ['ignore', 'ignore_ament_install']
[0.179s] Level 1:colcon.colcon_core.package_identification:_identify(ros/finalarm_control) by extension 'ignore'
[0.179s] Level 1:colcon.colcon_core.package_identification:_identify(ros/finalarm_control) by extension 'ignore_ament_install'
[0.179s] Level 1:colcon.colcon_core.package_identification:_identify(ros/finalarm_control) by extensions ['colcon_pkg']
[0.179s] Level 1:colcon.colcon_core.package_identification:_identify(ros/finalarm_control) by extension 'colcon_pkg'
[0.179s] Level 1:colcon.colcon_core.package_identification:_identify(ros/finalarm_control) by extensions ['colcon_meta']
[0.179s] Level 1:colcon.colcon_core.package_identification:_identify(ros/finalarm_control) by extension 'colcon_meta'
[0.179s] Level 1:colcon.colcon_core.package_identification:_identify(ros/finalarm_control) by extensions ['ros']
[0.179s] Level 1:colcon.colcon_core.package_identification:_identify(ros/finalarm_control) by extension 'ros'
[0.182s] DEBUG:colcon.colcon_core.package_identification:Package 'ros/finalarm_control' with type 'ros.catkin' and name 'finalarm_control'
[0.182s] Level 1:colcon.colcon_core.package_identification:_identify(ros/finalarm_description) by extensions ['ignore', 'ignore_ament_install']
[0.182s] Level 1:colcon.colcon_core.package_identification:_identify(ros/finalarm_description) by extension 'ignore'
[0.182s] Level 1:colcon.colcon_core.package_identification:_identify(ros/finalarm_description) by extension 'ignore_ament_install'
[0.182s] Level 1:colcon.colcon_core.package_identification:_identify(ros/finalarm_description) by extensions ['colcon_pkg']
[0.182s] Level 1:colcon.colcon_core.package_identification:_identify(ros/finalarm_description) by extension 'colcon_pkg'
[0.182s] Level 1:colcon.colcon_core.package_identification:_identify(ros/finalarm_description) by extensions ['colcon_meta']
[0.182s] Level 1:colcon.colcon_core.package_identification:_identify(ros/finalarm_description) by extension 'colcon_meta'
[0.182s] Level 1:colcon.colcon_core.package_identification:_identify(ros/finalarm_description) by extensions ['ros']
[0.182s] Level 1:colcon.colcon_core.package_identification:_identify(ros/finalarm_description) by extension 'ros'
[0.182s] DEBUG:colcon.colcon_core.package_identification:Package 'ros/finalarm_description' with type 'ros.catkin' and name 'finalarm_description'
[0.182s] Level 1:colcon.colcon_core.package_identification:_identify(ros/finalarm_gazebo) by extensions ['ignore', 'ignore_ament_install']
[0.182s] Level 1:colcon.colcon_core.package_identification:_identify(ros/finalarm_gazebo) by extension 'ignore'
[0.182s] Level 1:colcon.colcon_core.package_identification:_identify(ros/finalarm_gazebo) by extension 'ignore_ament_install'
[0.182s] Level 1:colcon.colcon_core.package_identification:_identify(ros/finalarm_gazebo) by extensions ['colcon_pkg']
[0.182s] Level 1:colcon.colcon_core.package_identification:_identify(ros/finalarm_gazebo) by extension 'colcon_pkg'
[0.182s] Level 1:colcon.colcon_core.package_identification:_identify(ros/finalarm_gazebo) by extensions ['colcon_meta']
[0.182s] Level 1:colcon.colcon_core.package_identification:_identify(ros/finalarm_gazebo) by extension 'colcon_meta'
[0.182s] Level 1:colcon.colcon_core.package_identification:_identify(ros/finalarm_gazebo) by extensions ['ros']
[0.182s] Level 1:colcon.colcon_core.package_identification:_identify(ros/finalarm_gazebo) by extension 'ros'
[0.183s] DEBUG:colcon.colcon_core.package_identification:Package 'ros/finalarm_gazebo' with type 'ros.catkin' and name 'finalarm_gazebo'
[0.183s] Level 1:colcon.colcon_core.package_identification:_identify(ros/finalarm_moveit_config) by extensions ['ignore', 'ignore_ament_install']
[0.183s] Level 1:colcon.colcon_core.package_identification:_identify(ros/finalarm_moveit_config) by extension 'ignore'
[0.183s] Level 1:colcon.colcon_core.package_identification:_identify(ros/finalarm_moveit_config) by extension 'ignore_ament_install'
[0.183s] Level 1:colcon.colcon_core.package_identification:_identify(ros/finalarm_moveit_config) by extensions ['colcon_pkg']
[0.183s] Level 1:colcon.colcon_core.package_identification:_identify(ros/finalarm_moveit_config) by extension 'colcon_pkg'
[0.183s] Level 1:colcon.colcon_core.package_identification:_identify(ros/finalarm_moveit_config) by extensions ['colcon_meta']
[0.183s] Level 1:colcon.colcon_core.package_identification:_identify(ros/finalarm_moveit_config) by extension 'colcon_meta'
[0.183s] Level 1:colcon.colcon_core.package_identification:_identify(ros/finalarm_moveit_config) by extensions ['ros']
[0.183s] Level 1:colcon.colcon_core.package_identification:_identify(ros/finalarm_moveit_config) by extension 'ros'
[0.183s] DEBUG:colcon.colcon_core.package_identification:Package 'ros/finalarm_moveit_config' with type 'ros.catkin' and name 'finalarm_moveit_config'
[0.184s] Level 1:colcon.colcon_core.package_identification:_identify(ros/finalarm_simplified_control) by extensions ['ignore', 'ignore_ament_install']
[0.184s] Level 1:colcon.colcon_core.package_identification:_identify(ros/finalarm_simplified_control) by extension 'ignore'
[0.184s] Level 1:colcon.colcon_core.package_identification:_identify(ros/finalarm_simplified_control) by extension 'ignore_ament_install'
[0.184s] Level 1:colcon.colcon_core.package_identification:_identify(ros/finalarm_simplified_control) by extensions ['colcon_pkg']
[0.184s] Level 1:colcon.colcon_core.package_identification:_identify(ros/finalarm_simplified_control) by extension 'colcon_pkg'
[0.184s] Level 1:colcon.colcon_core.package_identification:_identify(ros/finalarm_simplified_control) by extensions ['colcon_meta']
[0.184s] Level 1:colcon.colcon_core.package_identification:_identify(ros/finalarm_simplified_control) by extension 'colcon_meta'
[0.184s] Level 1:colcon.colcon_core.package_identification:_identify(ros/finalarm_simplified_control) by extensions ['ros']
[0.184s] Level 1:colcon.colcon_core.package_identification:_identify(ros/finalarm_simplified_control) by extension 'ros'
[0.184s] DEBUG:colcon.colcon_core.package_identification:Package 'ros/finalarm_simplified_control' with type 'ros.catkin' and name 'finalarm_simplified_control'
[0.184s] Level 1:colcon.colcon_core.package_identification:_identify(ros/finalarm_simplified_description) by extensions ['ignore', 'ignore_ament_install']
[0.184s] Level 1:colcon.colcon_core.package_identification:_identify(ros/finalarm_simplified_description) by extension 'ignore'
[0.184s] Level 1:colcon.colcon_core.package_identification:_identify(ros/finalarm_simplified_description) by extension 'ignore_ament_install'
[0.184s] Level 1:colcon.colcon_core.package_identification:_identify(ros/finalarm_simplified_description) by extensions ['colcon_pkg']
[0.184s] Level 1:colcon.colcon_core.package_identification:_identify(ros/finalarm_simplified_description) by extension 'colcon_pkg'
[0.184s] Level 1:colcon.colcon_core.package_identification:_identify(ros/finalarm_simplified_description) by extensions ['colcon_meta']
[0.184s] Level 1:colcon.colcon_core.package_identification:_identify(ros/finalarm_simplified_description) by extension 'colcon_meta'
[0.184s] Level 1:colcon.colcon_core.package_identification:_identify(ros/finalarm_simplified_description) by extensions ['ros']
[0.184s] Level 1:colcon.colcon_core.package_identification:_identify(ros/finalarm_simplified_description) by extension 'ros'
[0.185s] DEBUG:colcon.colcon_core.package_identification:Package 'ros/finalarm_simplified_description' with type 'ros.catkin' and name 'finalarm_simplified_description'
[0.185s] Level 1:colcon.colcon_core.package_identification:_identify(ros/finalarm_simplified_gazebo) by extensions ['ignore', 'ignore_ament_install']
[0.185s] Level 1:colcon.colcon_core.package_identification:_identify(ros/finalarm_simplified_gazebo) by extension 'ignore'
[0.185s] Level 1:colcon.colcon_core.package_identification:_identify(ros/finalarm_simplified_gazebo) by extension 'ignore_ament_install'
[0.185s] Level 1:colcon.colcon_core.package_identification:_identify(ros/finalarm_simplified_gazebo) by extensions ['colcon_pkg']
[0.185s] Level 1:colcon.colcon_core.package_identification:_identify(ros/finalarm_simplified_gazebo) by extension 'colcon_pkg'
[0.185s] Level 1:colcon.colcon_core.package_identification:_identify(ros/finalarm_simplified_gazebo) by extensions ['colcon_meta']
[0.185s] Level 1:colcon.colcon_core.package_identification:_identify(ros/finalarm_simplified_gazebo) by extension 'colcon_meta'
[0.185s] Level 1:colcon.colcon_core.package_identification:_identify(ros/finalarm_simplified_gazebo) by extensions ['ros']
[0.185s] Level 1:colcon.colcon_core.package_identification:_identify(ros/finalarm_simplified_gazebo) by extension 'ros'
[0.185s] DEBUG:colcon.colcon_core.package_identification:Package 'ros/finalarm_simplified_gazebo' with type 'ros.catkin' and name 'finalarm_simplified_gazebo'
[0.185s] Level 1:colcon.colcon_core.package_identification:_identify(ros/finalarm_simplified_moveit_config) by extensions ['ignore', 'ignore_ament_install']
[0.185s] Level 1:colcon.colcon_core.package_identification:_identify(ros/finalarm_simplified_moveit_config) by extension 'ignore'
[0.185s] Level 1:colcon.colcon_core.package_identification:_identify(ros/finalarm_simplified_moveit_config) by extension 'ignore_ament_install'
[0.185s] Level 1:colcon.colcon_core.package_identification:_identify(ros/finalarm_simplified_moveit_config) by extensions ['colcon_pkg']
[0.185s] Level 1:colcon.colcon_core.package_identification:_identify(ros/finalarm_simplified_moveit_config) by extension 'colcon_pkg'
[0.185s] Level 1:colcon.colcon_core.package_identification:_identify(ros/finalarm_simplified_moveit_config) by extensions ['colcon_meta']
[0.185s] Level 1:colcon.colcon_core.package_identification:_identify(ros/finalarm_simplified_moveit_config) by extension 'colcon_meta'
[0.185s] Level 1:colcon.colcon_core.package_identification:_identify(ros/finalarm_simplified_moveit_config) by extensions ['ros']
[0.185s] Level 1:colcon.colcon_core.package_identification:_identify(ros/finalarm_simplified_moveit_config) by extension 'ros'
[0.186s] DEBUG:colcon.colcon_core.package_identification:Package 'ros/finalarm_simplified_moveit_config' with type 'ros.catkin' and name 'finalarm_simplified_moveit_config'
[0.186s] Level 1:colcon.colcon_core.package_identification:_identify(ros2) by extensions ['ignore', 'ignore_ament_install']
[0.186s] Level 1:colcon.colcon_core.package_identification:_identify(ros2) by extension 'ignore'
[0.186s] Level 1:colcon.colcon_core.package_identification:_identify(ros2) by extension 'ignore_ament_install'
[0.186s] Level 1:colcon.colcon_core.package_identification:_identify(ros2) by extensions ['colcon_pkg']
[0.186s] Level 1:colcon.colcon_core.package_identification:_identify(ros2) by extension 'colcon_pkg'
[0.186s] Level 1:colcon.colcon_core.package_identification:_identify(ros2) by extensions ['colcon_meta']
[0.186s] Level 1:colcon.colcon_core.package_identification:_identify(ros2) by extension 'colcon_meta'
[0.186s] Level 1:colcon.colcon_core.package_identification:_identify(ros2) by extensions ['ros']
[0.186s] Level 1:colcon.colcon_core.package_identification:_identify(ros2) by extension 'ros'
[0.186s] Level 1:colcon.colcon_core.package_identification:_identify(ros2) by extensions ['cmake', 'python']
[0.186s] Level 1:colcon.colcon_core.package_identification:_identify(ros2) by extension 'cmake'
[0.186s] Level 1:colcon.colcon_core.package_identification:_identify(ros2) by extension 'python'
[0.186s] Level 1:colcon.colcon_core.package_identification:_identify(ros2) by extensions ['python_setup_py']
[0.186s] Level 1:colcon.colcon_core.package_identification:_identify(ros2) by extension 'python_setup_py'
[0.186s] Level 1:colcon.colcon_core.package_identification:_identify(ros2/handy_control) by extensions ['ignore', 'ignore_ament_install']
[0.186s] Level 1:colcon.colcon_core.package_identification:_identify(ros2/handy_control) by extension 'ignore'
[0.186s] Level 1:colcon.colcon_core.package_identification:_identify(ros2/handy_control) by extension 'ignore_ament_install'
[0.186s] Level 1:colcon.colcon_core.package_identification:_identify(ros2/handy_control) by extensions ['colcon_pkg']
[0.186s] Level 1:colcon.colcon_core.package_identification:_identify(ros2/handy_control) by extension 'colcon_pkg'
[0.186s] Level 1:colcon.colcon_core.package_identification:_identify(ros2/handy_control) by extensions ['colcon_meta']
[0.186s] Level 1:colcon.colcon_core.package_identification:_identify(ros2/handy_control) by extension 'colcon_meta'
[0.186s] Level 1:colcon.colcon_core.package_identification:_identify(ros2/handy_control) by extensions ['ros']
[0.186s] Level 1:colcon.colcon_core.package_identification:_identify(ros2/handy_control) by extension 'ros'
[0.187s] DEBUG:colcon.colcon_core.package_identification:Package 'ros2/handy_control' with type 'ros.ament_cmake' and name 'handy_control'
[0.187s] Level 1:colcon.colcon_core.package_identification:_identify(ros2/handy_description) by extensions ['ignore', 'ignore_ament_install']
[0.187s] Level 1:colcon.colcon_core.package_identification:_identify(ros2/handy_description) by extension 'ignore'
[0.187s] Level 1:colcon.colcon_core.package_identification:_identify(ros2/handy_description) by extension 'ignore_ament_install'
[0.187s] Level 1:colcon.colcon_core.package_identification:_identify(ros2/handy_description) by extensions ['colcon_pkg']
[0.187s] Level 1:colcon.colcon_core.package_identification:_identify(ros2/handy_description) by extension 'colcon_pkg'
[0.187s] Level 1:colcon.colcon_core.package_identification:_identify(ros2/handy_description) by extensions ['colcon_meta']
[0.187s] Level 1:colcon.colcon_core.package_identification:_identify(ros2/handy_description) by extension 'colcon_meta'
[0.187s] Level 1:colcon.colcon_core.package_identification:_identify(ros2/handy_description) by extensions ['ros']
[0.187s] Level 1:colcon.colcon_core.package_identification:_identify(ros2/handy_description) by extension 'ros'
[0.187s] DEBUG:colcon.colcon_core.package_identification:Package 'ros2/handy_description' with type 'ros.ament_cmake' and name 'handy_description'
[0.187s] Level 1:colcon.colcon_core.package_discovery:discover_packages(recursive) using defaults
[0.187s] Level 1:colcon.colcon_core.package_discovery:discover_packages(ignore) discover
[0.187s] Level 1:colcon.colcon_core.package_discovery:discover_packages(ignore) using defaults
[0.187s] Level 1:colcon.colcon_core.package_discovery:discover_packages(path) discover
[0.187s] Level 1:colcon.colcon_core.package_discovery:discover_packages(path) using defaults
[0.200s] INFO:colcon.colcon_core.package_selection:Skipping not selected package 'finalarm_control' in 'ros/finalarm_control'
[0.200s] INFO:colcon.colcon_core.package_selection:Skipping not selected package 'finalarm_description' in 'ros/finalarm_description'
[0.200s] INFO:colcon.colcon_core.package_selection:Skipping not selected package 'finalarm_simplified_description' in 'ros/finalarm_simplified_description'
[0.200s] INFO:colcon.colcon_core.package_selection:Skipping not selected package 'finalarm_simplified_gazebo' in 'ros/finalarm_simplified_gazebo'
[0.200s] INFO:colcon.colcon_core.package_selection:Skipping not selected package 'handy_control' in 'ros2/handy_control'
[0.200s] INFO:colcon.colcon_core.package_selection:Skipping not selected package 'finalarm_moveit_config' in 'ros/finalarm_moveit_config'
[0.200s] INFO:colcon.colcon_core.package_selection:Skipping not selected package 'finalarm_simplified_control' in 'ros/finalarm_simplified_control'
[0.200s] INFO:colcon.colcon_core.package_selection:Skipping not selected package 'finalarm_simplified_moveit_config' in 'ros/finalarm_simplified_moveit_config'
[0.200s] INFO:colcon.colcon_core.package_selection:Skipping not selected package 'finalarm_gazebo' in 'ros/finalarm_gazebo'
[0.201s] Level 1:colcon.colcon_core.package_discovery:discover_packages(prefix_path) check parameters
[0.201s] Level 1:colcon.colcon_core.package_discovery:discover_packages(prefix_path) discover
[0.202s] DEBUG:colcon.colcon_installed_package_information.package_discovery:Found 2 installed packages in /home/owenc/handy_ws/install
[0.203s] DEBUG:colcon.colcon_installed_package_information.package_discovery:Found 350 installed packages in /opt/ros/humble
[0.204s] Level 1:colcon.colcon_core.package_discovery:discover_packages(prefix_path) using defaults
[0.229s] Level 5:colcon.colcon_core.verb:set package 'handy_description' build argument 'cmake_args' from command line to 'None'
[0.229s] Level 5:colcon.colcon_core.verb:set package 'handy_description' build argument 'cmake_target' from command line to 'install'
[0.229s] Level 5:colcon.colcon_core.verb:set package 'handy_description' build argument 'cmake_target_skip_unavailable' from command line to 'False'
[0.229s] Level 5:colcon.colcon_core.verb:set package 'handy_description' build argument 'cmake_clean_cache' from command line to 'False'
[0.229s] Level 5:colcon.colcon_core.verb:set package 'handy_description' build argument 'cmake_clean_first' from command line to 'False'
[0.229s] Level 5:colcon.colcon_core.verb:set package 'handy_description' build argument 'cmake_force_configure' from command line to 'False'
[0.229s] Level 5:colcon.colcon_core.verb:set package 'handy_description' build argument 'ament_cmake_args' from command line to 'None'
[0.229s] Level 5:colcon.colcon_core.verb:set package 'handy_description' build argument 'catkin_cmake_args' from command line to 'None'
[0.229s] Level 5:colcon.colcon_core.verb:set package 'handy_description' build argument 'catkin_skip_building_tests' from command line to 'False'
[0.229s] DEBUG:colcon.colcon_core.verb:Building package 'handy_description' with the following arguments: {'ament_cmake_args': None, 'build_base': '/home/owenc/handy_ws/src/ivaHandy/build/handy_description', 'catkin_cmake_args': None, 'catkin_skip_building_tests': False, 'cmake_args': None, 'cmake_clean_cache': False, 'cmake_clean_first': False, 'cmake_force_configure': False, 'cmake_target': 'install', 'cmake_target_skip_unavailable': False, 'install_base': '/home/owenc/handy_ws/src/ivaHandy/install/handy_description', 'merge_install': False, 'path': '/home/owenc/handy_ws/src/ivaHandy/ros2/handy_description', 'symlink_install': False, 'test_result_base': None}
[0.229s] INFO:colcon.colcon_core.executor:Executing jobs using 'parallel' executor
[0.230s] DEBUG:colcon.colcon_parallel_executor.executor.parallel:run_until_complete
[0.230s] INFO:colcon.colcon_ros.task.ament_cmake.build:Building ROS package in '/home/owenc/handy_ws/src/ivaHandy/ros2/handy_description' with build type 'ament_cmake'
[0.230s] INFO:colcon.colcon_cmake.task.cmake.build:Building CMake package in '/home/owenc/handy_ws/src/ivaHandy/ros2/handy_description'
[0.232s] INFO:colcon.colcon_core.plugin_system:Skipping extension 'colcon_core.shell.bat': Not used on non-Windows systems
[0.232s] INFO:colcon.colcon_core.shell:Skip shell extension 'powershell' for command environment: Not usable outside of PowerShell
[0.232s] DEBUG:colcon.colcon_core.shell:Skip shell extension 'dsv' for command environment
[0.239s] DEBUG:colcon.colcon_core.event_handler.log_command:Invoking command in '/home/owenc/handy_ws/src/ivaHandy/build/handy_description': CMAKE_PREFIX_PATH=${CMAKE_PREFIX_PATH}:/opt/ros/humble /usr/bin/cmake /home/owenc/handy_ws/src/ivaHandy/ros2/handy_description -DCMAKE_INSTALL_PREFIX=/home/owenc/handy_ws/src/ivaHandy/install/handy_description
[0.662s] DEBUG:colcon.colcon_core.event_handler.log_command:Invoked command in '/home/owenc/handy_ws/src/ivaHandy/build/handy_description' returned '0': CMAKE_PREFIX_PATH=${CMAKE_PREFIX_PATH}:/opt/ros/humble /usr/bin/cmake /home/owenc/handy_ws/src/ivaHandy/ros2/handy_description -DCMAKE_INSTALL_PREFIX=/home/owenc/handy_ws/src/ivaHandy/install/handy_description
[0.663s] DEBUG:colcon.colcon_core.event_handler.log_command:Invoking command in '/home/owenc/handy_ws/src/ivaHandy/build/handy_description': CMAKE_PREFIX_PATH=${CMAKE_PREFIX_PATH}:/opt/ros/humble /usr/bin/cmake --build /home/owenc/handy_ws/src/ivaHandy/build/handy_description --target install -- -j16 -l16
[0.719s] Level 1:colcon.colcon_core.environment:create_environment_scripts_only(handy_description)
[0.720s] DEBUG:colcon.colcon_core.event_handler.log_command:Invoked command in '/home/owenc/handy_ws/src/ivaHandy/build/handy_description' returned '0': CMAKE_PREFIX_PATH=${CMAKE_PREFIX_PATH}:/opt/ros/humble /usr/bin/cmake --build /home/owenc/handy_ws/src/ivaHandy/build/handy_description --target install -- -j16 -l16
[0.721s] Level 1:colcon.colcon_core.environment:checking '/home/owenc/handy_ws/src/ivaHandy/install/handy_description' for CMake module files
[0.722s] Level 1:colcon.colcon_core.environment:checking '/home/owenc/handy_ws/src/ivaHandy/install/handy_description' for CMake config files
[0.722s] Level 1:colcon.colcon_core.shell:create_environment_hook('handy_description', 'cmake_prefix_path')
[0.722s] INFO:colcon.colcon_core.shell:Creating environment hook '/home/owenc/handy_ws/src/ivaHandy/install/handy_description/share/handy_description/hook/cmake_prefix_path.ps1'
[0.722s] INFO:colcon.colcon_core.shell:Creating environment descriptor '/home/owenc/handy_ws/src/ivaHandy/install/handy_description/share/handy_description/hook/cmake_prefix_path.dsv'
[0.723s] INFO:colcon.colcon_core.shell:Creating environment hook '/home/owenc/handy_ws/src/ivaHandy/install/handy_description/share/handy_description/hook/cmake_prefix_path.sh'
[0.723s] Level 1:colcon.colcon_core.environment:checking '/home/owenc/handy_ws/src/ivaHandy/install/handy_description/lib'
[0.723s] Level 1:colcon.colcon_core.environment:checking '/home/owenc/handy_ws/src/ivaHandy/install/handy_description/bin'
[0.723s] Level 1:colcon.colcon_core.environment:checking '/home/owenc/handy_ws/src/ivaHandy/install/handy_description/lib/pkgconfig/handy_description.pc'
[0.723s] Level 1:colcon.colcon_core.environment:checking '/home/owenc/handy_ws/src/ivaHandy/install/handy_description/lib/python3.10/site-packages'
[0.723s] Level 1:colcon.colcon_core.environment:checking '/home/owenc/handy_ws/src/ivaHandy/install/handy_description/bin'
[0.724s] INFO:colcon.colcon_core.shell:Creating package script '/home/owenc/handy_ws/src/ivaHandy/install/handy_description/share/handy_description/package.ps1'
[0.724s] INFO:colcon.colcon_core.shell:Creating package descriptor '/home/owenc/handy_ws/src/ivaHandy/install/handy_description/share/handy_description/package.dsv'
[0.724s] INFO:colcon.colcon_core.shell:Creating package script '/home/owenc/handy_ws/src/ivaHandy/install/handy_description/share/handy_description/package.sh'
[0.725s] INFO:colcon.colcon_core.shell:Creating package script '/home/owenc/handy_ws/src/ivaHandy/install/handy_description/share/handy_description/package.bash'
[0.725s] INFO:colcon.colcon_core.shell:Creating package script '/home/owenc/handy_ws/src/ivaHandy/install/handy_description/share/handy_description/package.zsh'
[0.725s] Level 1:colcon.colcon_core.environment:create_file_with_runtime_dependencies(/home/owenc/handy_ws/src/ivaHandy/install/handy_description/share/colcon-core/packages/handy_description)
[0.726s] Level 1:colcon.colcon_core.environment:create_environment_scripts_only(handy_description)
[0.726s] Level 1:colcon.colcon_core.environment:checking '/home/owenc/handy_ws/src/ivaHandy/install/handy_description' for CMake module files
[0.726s] Level 1:colcon.colcon_core.environment:checking '/home/owenc/handy_ws/src/ivaHandy/install/handy_description' for CMake config files
[0.726s] Level 1:colcon.colcon_core.shell:create_environment_hook('handy_description', 'cmake_prefix_path')
[0.726s] INFO:colcon.colcon_core.shell:Creating environment hook '/home/owenc/handy_ws/src/ivaHandy/install/handy_description/share/handy_description/hook/cmake_prefix_path.ps1'
[0.727s] INFO:colcon.colcon_core.shell:Creating environment descriptor '/home/owenc/handy_ws/src/ivaHandy/install/handy_description/share/handy_description/hook/cmake_prefix_path.dsv'
[0.727s] INFO:colcon.colcon_core.shell:Creating environment hook '/home/owenc/handy_ws/src/ivaHandy/install/handy_description/share/handy_description/hook/cmake_prefix_path.sh'
[0.727s] Level 1:colcon.colcon_core.environment:checking '/home/owenc/handy_ws/src/ivaHandy/install/handy_description/lib'
[0.727s] Level 1:colcon.colcon_core.environment:checking '/home/owenc/handy_ws/src/ivaHandy/install/handy_description/bin'
[0.727s] Level 1:colcon.colcon_core.environment:checking '/home/owenc/handy_ws/src/ivaHandy/install/handy_description/lib/pkgconfig/handy_description.pc'
[0.727s] Level 1:colcon.colcon_core.environment:checking '/home/owenc/handy_ws/src/ivaHandy/install/handy_description/lib/python3.10/site-packages'
[0.727s] Level 1:colcon.colcon_core.environment:checking '/home/owenc/handy_ws/src/ivaHandy/install/handy_description/bin'
[0.727s] INFO:colcon.colcon_core.shell:Creating package script '/home/owenc/handy_ws/src/ivaHandy/install/handy_description/share/handy_description/package.ps1'
[0.728s] INFO:colcon.colcon_core.shell:Creating package descriptor '/home/owenc/handy_ws/src/ivaHandy/install/handy_description/share/handy_description/package.dsv'
[0.728s] INFO:colcon.colcon_core.shell:Creating package script '/home/owenc/handy_ws/src/ivaHandy/install/handy_description/share/handy_description/package.sh'
[0.728s] INFO:colcon.colcon_core.shell:Creating package script '/home/owenc/handy_ws/src/ivaHandy/install/handy_description/share/handy_description/package.bash'
[0.728s] INFO:colcon.colcon_core.shell:Creating package script '/home/owenc/handy_ws/src/ivaHandy/install/handy_description/share/handy_description/package.zsh'
[0.728s] Level 1:colcon.colcon_core.environment:create_file_with_runtime_dependencies(/home/owenc/handy_ws/src/ivaHandy/install/handy_description/share/colcon-core/packages/handy_description)
[0.729s] DEBUG:colcon.colcon_parallel_executor.executor.parallel:closing loop
[0.729s] DEBUG:colcon.colcon_parallel_executor.executor.parallel:loop closed
[0.729s] DEBUG:colcon.colcon_parallel_executor.executor.parallel:run_until_complete finished with '0'
[0.729s] DEBUG:colcon.colcon_core.event_reactor:joining thread
[0.732s] INFO:colcon.colcon_core.plugin_system:Skipping extension 'colcon_notification.desktop_notification.terminal_notifier': Not used on non-Darwin systems
[0.732s] INFO:colcon.colcon_core.plugin_system:Skipping extension 'colcon_notification.desktop_notification.win32': Not used on non-Windows systems
[0.732s] INFO:colcon.colcon_notification.desktop_notification:Sending desktop notification using 'notify2'
[0.740s] DEBUG:colcon.colcon_core.event_reactor:joined thread
[0.740s] INFO:colcon.colcon_core.shell:Creating prefix script '/home/owenc/handy_ws/src/ivaHandy/install/local_setup.ps1'
[0.741s] INFO:colcon.colcon_core.shell:Creating prefix util module '/home/owenc/handy_ws/src/ivaHandy/install/_local_setup_util_ps1.py'
[0.742s] INFO:colcon.colcon_core.shell:Creating prefix chain script '/home/owenc/handy_ws/src/ivaHandy/install/setup.ps1'
[0.743s] INFO:colcon.colcon_core.shell:Creating prefix script '/home/owenc/handy_ws/src/ivaHandy/install/local_setup.sh'
[0.743s] INFO:colcon.colcon_core.shell:Creating prefix util module '/home/owenc/handy_ws/src/ivaHandy/install/_local_setup_util_sh.py'
[0.743s] INFO:colcon.colcon_core.shell:Creating prefix chain script '/home/owenc/handy_ws/src/ivaHandy/install/setup.sh'
[0.744s] INFO:colcon.colcon_core.shell:Creating prefix script '/home/owenc/handy_ws/src/ivaHandy/install/local_setup.bash'
[0.744s] INFO:colcon.colcon_core.shell:Creating prefix chain script '/home/owenc/handy_ws/src/ivaHandy/install/setup.bash'
[0.745s] INFO:colcon.colcon_core.shell:Creating prefix script '/home/owenc/handy_ws/src/ivaHandy/install/local_setup.zsh'
[0.745s] INFO:colcon.colcon_core.shell:Creating prefix chain script '/home/owenc/handy_ws/src/ivaHandy/install/setup.zsh'
