[0.007s] Invoking command in '/home/owenc/handy_ws/src/ivaHandy/build/handy_description': CMAKE_PREFIX_PATH=${CMAKE_PREFIX_PATH}:/opt/ros/humble /usr/bin/cmake /home/owenc/handy_ws/src/ivaHandy/ros2/handy_description -DCMAKE_INSTALL_PREFIX=/home/owenc/handy_ws/src/ivaHandy/install/handy_description
[0.050s] -- The C compiler identification is GNU 11.4.0
[0.090s] -- The CXX compiler identification is GNU 11.4.0
[0.095s] -- Detecting C compiler ABI info
[0.148s] -- Detecting C compiler ABI info - done
[0.152s] -- Check for working C compiler: /usr/bin/cc - skipped
[0.152s] -- Detecting C compile features
[0.153s] -- Detecting C compile features - done
[0.154s] -- Detecting CXX compiler ABI info
[0.212s] -- Detecting CXX compiler ABI info - done
[0.216s] -- Check for working CXX compiler: /usr/bin/c++ - skipped
[0.216s] -- Detecting CXX compile features
[0.216s] -- Detecting CXX compile features - done
[0.218s] -- Found ament_cmake: 1.3.12 (/opt/ros/humble/share/ament_cmake/cmake)
[0.315s] -- Found Python3: /usr/bin/python3 (found version "3.10.12") found components: Interpreter 
[0.373s] -- Found xacro: 2.0.13 (/opt/ros/humble/share/xacro/cmake)
[0.424s] -- Configuring done
[0.426s] -- Generating done
[0.427s] -- Build files have been written to: /home/owenc/handy_ws/src/ivaHandy/build/handy_description
[0.431s] Invoked command in '/home/owenc/handy_ws/src/ivaHandy/build/handy_description' returned '0': CMAKE_PREFIX_PATH=${CMAKE_PREFIX_PATH}:/opt/ros/humble /usr/bin/cmake /home/owenc/handy_ws/src/ivaHandy/ros2/handy_description -DCMAKE_INSTALL_PREFIX=/home/owenc/handy_ws/src/ivaHandy/install/handy_description
[0.432s] Invoking command in '/home/owenc/handy_ws/src/ivaHandy/build/handy_description': CMAKE_PREFIX_PATH=${CMAKE_PREFIX_PATH}:/opt/ros/humble /usr/bin/cmake --build /home/owenc/handy_ws/src/ivaHandy/build/handy_description --target install -- -j16 -l16
[0.469s] [36mInstall the project...[0m
[0.476s] -- Install configuration: ""
[0.476s] -- Installing: /home/owenc/handy_ws/src/ivaHandy/install/handy_description/share/handy_description/launch
[0.476s] -- Installing: /home/owenc/handy_ws/src/ivaHandy/install/handy_description/share/handy_description/launch/robot_state_pub.launch.py
[0.476s] -- Installing: /home/owenc/handy_ws/src/ivaHandy/install/handy_description/share/handy_description/launch/display.launch.py
[0.476s] -- Installing: /home/owenc/handy_ws/src/ivaHandy/install/handy_description/share/handy_description/launch/display.launch
[0.476s] -- Installing: /home/owenc/handy_ws/src/ivaHandy/install/handy_description/share/handy_description/launch/__pycache__
[0.476s] -- Installing: /home/owenc/handy_ws/src/ivaHandy/install/handy_description/share/handy_description/launch/__pycache__/display.launch.cpython-310.pyc
[0.476s] -- Installing: /home/owenc/handy_ws/src/ivaHandy/install/handy_description/share/handy_description/launch/gazebo.launch
[0.477s] -- Installing: /home/owenc/handy_ws/src/ivaHandy/install/handy_description/share/handy_description/launch/robot_state_pub.launch
[0.477s] -- Installing: /home/owenc/handy_ws/src/ivaHandy/install/handy_description/share/handy_description/urdf
[0.477s] -- Installing: /home/owenc/handy_ws/src/ivaHandy/install/handy_description/share/handy_description/urdf/handy_description_position_control.urdf.xacro
[0.477s] -- Installing: /home/owenc/handy_ws/src/ivaHandy/install/handy_description/share/handy_description/urdf/handy_description.urdf.xacro
[0.477s] -- Installing: /home/owenc/handy_ws/src/ivaHandy/install/handy_description/share/handy_description/meshes
[0.477s] -- Installing: /home/owenc/handy_ws/src/ivaHandy/install/handy_description/share/handy_description/meshes/link_3.STL
[0.478s] -- Installing: /home/owenc/handy_ws/src/ivaHandy/install/handy_description/share/handy_description/meshes/link_8.STL
[0.480s] -- Installing: /home/owenc/handy_ws/src/ivaHandy/install/handy_description/share/handy_description/meshes/base_link.STL
[0.480s] -- Installing: /home/owenc/handy_ws/src/ivaHandy/install/handy_description/share/handy_description/meshes/link_5.STL
[0.481s] -- Installing: /home/owenc/handy_ws/src/ivaHandy/install/handy_description/share/handy_description/meshes/link_9.STL
[0.481s] -- Installing: /home/owenc/handy_ws/src/ivaHandy/install/handy_description/share/handy_description/meshes/link_10.STL
[0.481s] -- Installing: /home/owenc/handy_ws/src/ivaHandy/install/handy_description/share/handy_description/meshes/link_2.STL
[0.482s] -- Installing: /home/owenc/handy_ws/src/ivaHandy/install/handy_description/share/handy_description/meshes/link_4.STL
[0.482s] -- Installing: /home/owenc/handy_ws/src/ivaHandy/install/handy_description/share/handy_description/meshes/link_6.STL
[0.482s] -- Installing: /home/owenc/handy_ws/src/ivaHandy/install/handy_description/share/handy_description/meshes/link_7.STL
[0.483s] -- Installing: /home/owenc/handy_ws/src/ivaHandy/install/handy_description/share/handy_description/config
[0.483s] -- Installing: /home/owenc/handy_ws/src/ivaHandy/install/handy_description/share/handy_description/config/urdf.rviz
[0.483s] -- Installing: /home/owenc/handy_ws/src/ivaHandy/install/handy_description/share/handy_description/config/joint_names_handy_description.yaml
[0.483s] -- Installing: /home/owenc/handy_ws/src/ivaHandy/install/handy_description/lib/handy_description/publish_robot_description.py
[0.483s] -- Installing: /home/owenc/handy_ws/src/ivaHandy/install/handy_description/share/ament_index/resource_index/package_run_dependencies/handy_description
[0.484s] -- Installing: /home/owenc/handy_ws/src/ivaHandy/install/handy_description/share/ament_index/resource_index/parent_prefix_path/handy_description
[0.484s] -- Installing: /home/owenc/handy_ws/src/ivaHandy/install/handy_description/share/handy_description/environment/ament_prefix_path.sh
[0.484s] -- Installing: /home/owenc/handy_ws/src/ivaHandy/install/handy_description/share/handy_description/environment/ament_prefix_path.dsv
[0.484s] -- Installing: /home/owenc/handy_ws/src/ivaHandy/install/handy_description/share/handy_description/environment/path.sh
[0.484s] -- Installing: /home/owenc/handy_ws/src/ivaHandy/install/handy_description/share/handy_description/environment/path.dsv
[0.484s] -- Installing: /home/owenc/handy_ws/src/ivaHandy/install/handy_description/share/handy_description/local_setup.bash
[0.484s] -- Installing: /home/owenc/handy_ws/src/ivaHandy/install/handy_description/share/handy_description/local_setup.sh
[0.484s] -- Installing: /home/owenc/handy_ws/src/ivaHandy/install/handy_description/share/handy_description/local_setup.zsh
[0.484s] -- Installing: /home/owenc/handy_ws/src/ivaHandy/install/handy_description/share/handy_description/local_setup.dsv
[0.484s] -- Installing: /home/owenc/handy_ws/src/ivaHandy/install/handy_description/share/handy_description/package.dsv
[0.485s] -- Installing: /home/owenc/handy_ws/src/ivaHandy/install/handy_description/share/ament_index/resource_index/packages/handy_description
[0.485s] -- Installing: /home/owenc/handy_ws/src/ivaHandy/install/handy_description/share/handy_description/cmake/handy_descriptionConfig.cmake
[0.485s] -- Installing: /home/owenc/handy_ws/src/ivaHandy/install/handy_description/share/handy_description/cmake/handy_descriptionConfig-version.cmake
[0.485s] -- Installing: /home/owenc/handy_ws/src/ivaHandy/install/handy_description/share/handy_description/package.xml
[0.489s] Invoked command in '/home/owenc/handy_ws/src/ivaHandy/build/handy_description' returned '0': CMAKE_PREFIX_PATH=${CMAKE_PREFIX_PATH}:/opt/ros/humble /usr/bin/cmake --build /home/owenc/handy_ws/src/ivaHandy/build/handy_description --target install -- -j16 -l16
